
> community-event-system@0.1.0 build
> next build

Γû▓ Next.js 16.1.3 (Turbopack)
- Environments: .env.local

  Creating an optimized production build ...
Γ£ô Compiled successfully in 18.1s
  Running TypeScript ...
node.exe : Failed to compile.
At line:1 char:1
+ & "C:\Program Files\nodejs/node.exe" 
"C:\Program Files\nodejs/node_mo ...
+ ~~~~~~~~~~~~~~~~~~~~~~~~~~~~~~~~~~~~~~~~~~
~~~~~~~~~~~~~~~~~~~~~~~~~~~
    + CategoryInfo          : NotSpecified: 
    (Failed to compile.:String) [], Remote  
  Exception
    + FullyQualifiedErrorId : NativeCommand 
   Error
 

./src/lib/actions.ts:505:13
Type error: Cannot find name 
'DEFAULT_EVENT'.

[0m [90m 503 |[39m
 [90m 504 |[39m   [36mif[39m (error 
[33m||[39m [33m![39mdata [33m||[39m 
data[33m.[39mlength [33m===[39m 
[35m0[39m) {
[31m[1m>[22m[39m[90m 505 |[39m     
[36mreturn[39m 
[[33mDEFAULT_EVENT[39m][33m;[39m
 [90m     |[39m             
[31m[1m^[22m[39m
 [90m 506 |[39m   }
 [90m 507 |[39m
 [90m 508 |[39m   [36mreturn[39m [data[
[35m0[39m][33m.[39mevent_name][33m;[39m
[0m
Next.js build worker exited with code: 1 
and signal: null
